2026-05-25 12:52:11,165 INFO o.a.j.u.JMeterUtils: Setting Locale to en_EN
2026-05-25 12:52:11,177 INFO o.a.j.JMeter: Loading user properties from: /opt/homebrew/Cellar/jmeter/5.6.3/libexec/bin/user.properties
2026-05-25 12:52:11,177 INFO o.a.j.JMeter: Loading system properties from: /opt/homebrew/Cellar/jmeter/5.6.3/libexec/bin/system.properties
2026-05-25 12:52:11,180 INFO o.a.j.JMeter: Copyright (c) 1998-2024 The Apache Software Foundation
2026-05-25 12:52:11,180 INFO o.a.j.JMeter: Version 5.6.3
2026-05-25 12:52:11,180 INFO o.a.j.JMeter: java.version=21.0.11
2026-05-25 12:52:11,180 INFO o.a.j.JMeter: java.vm.name=OpenJDK 64-Bit Server VM
2026-05-25 12:52:11,180 INFO o.a.j.JMeter: os.name=Mac OS X
2026-05-25 12:52:11,180 INFO o.a.j.JMeter: os.arch=aarch64
2026-05-25 12:52:11,181 INFO o.a.j.JMeter: os.version=26.5
2026-05-25 12:52:11,181 INFO o.a.j.JMeter: file.encoding=UTF-8
2026-05-25 12:52:11,181 INFO o.a.j.JMeter: java.awt.headless=null
2026-05-25 12:52:11,181 INFO o.a.j.JMeter: Max memory     =1073741824
2026-05-25 12:52:11,181 INFO o.a.j.JMeter: Available Processors =8
2026-05-25 12:52:11,189 INFO o.a.j.JMeter: Default Locale=English (EN)
2026-05-25 12:52:11,189 INFO o.a.j.JMeter: JMeter  Locale=English (EN)
2026-05-25 12:52:11,189 INFO o.a.j.JMeter: JMeterHome=/opt/homebrew/Cellar/jmeter/5.6.3/libexec
2026-05-25 12:52:11,189 INFO o.a.j.JMeter: user.dir  =/Users/shikhasingh/selenium-lms
2026-05-25 12:52:11,189 INFO o.a.j.JMeter: PWD       =/Users/shikhasingh/selenium-lms
2026-05-25 12:52:11,193 INFO o.a.j.JMeter: IP: 127.0.0.1 Name: Shikhas-MacBook-Air.local FullName: localhost
2026-05-25 12:52:11,198 INFO o.a.j.JMeter: Loaded icon properties from org/apache/jmeter/images/icon.properties
2026-05-25 12:52:11,828 INFO o.a.j.JMeterGuiLauncher: Setting LAF to: com.github.weisj.darklaf.DarkLaf:com.github.weisj.darklaf.theme.DarculaTheme
2026-05-25 12:52:12,992 INFO o.a.j.r.ClassFinder: Will scan jar /opt/homebrew/Cellar/jmeter/5.6.3/libexec/lib/ext/jmeter-plugins-manager-1.9.jar with filter ExtendsClassFilter [parents=[interface org.apache.jmeter.gui.action.Command], inner=false, contains=null, notContains=null]. Consider exposing JMeter plugins via META-INF/services, and add JMeter-Skip-Class-Scanning=true manifest attribute so JMeter can skip classfile scanning
2026-05-25 12:52:13,058 INFO o.a.j.r.ClassFinder: Will scan jar /opt/homebrew/Cellar/jmeter/5.6.3/libexec/lib/ext/jmeter-plugins-manager-1.9.jar with filter ExtendsClassFilter [parents=[interface org.apache.jmeter.gui.plugin.MenuCreator], inner=false, contains=null, notContains=null]. Consider exposing JMeter plugins via META-INF/services, and add JMeter-Skip-Class-Scanning=true manifest attribute so JMeter can skip classfile scanning
2026-05-25 12:52:13,107 INFO o.j.r.JARSourceHTTP: Requesting https://jmeter-plugins.org/repo/?installID=mac_os_x-8de23169148315c2091234087324fae7-gui
2026-05-25 12:52:15,224 INFO o.j.r.PluginManager: Plugins Status: [jpgc-plugins-manager=1.9, jmeter-core=5.6.3, jmeter-ftp=5.6.3, jmeter-http=5.6.3, jmeter-jdbc=5.6.3, jmeter-jms=5.6.3, jmeter-junit=5.6.3, jmeter-java=5.6.3, jmeter-ldap=5.6.3, jmeter-mail=5.6.3, jmeter-mongodb=5.6.3, jmeter-native=5.6.3, jmeter-tcp=5.6.3, jmeter-components=5.6.3]
2026-05-25 12:52:15,225 INFO o.j.r.PluginManagerMenuItem: Plugins Manager has upgrades: [jpgc-plugins-manager]
2026-05-25 12:52:21,578 INFO o.a.j.s.FileServer: Default base='/Users/shikhasingh/selenium-lms'
2026-05-25 12:52:21,580 INFO o.a.j.g.a.Load: Loading file: /Users/shikhasingh/lms_testcase_2.jmx
2026-05-25 12:52:21,580 INFO o.a.j.s.FileServer: Set new base='/Users/shikhasingh'
2026-05-25 12:52:21,670 INFO o.a.j.s.SaveService: Testplan (JMX) version: 2.2. Testlog (JTL) version: 2.2
2026-05-25 12:52:21,674 INFO o.a.j.s.SaveService: Using SaveService properties version 5.0
2026-05-25 12:52:21,674 INFO o.a.j.s.SaveService: Using SaveService properties file encoding UTF-8
2026-05-25 12:52:21,675 INFO o.a.j.s.SaveService: Loading file: /Users/shikhasingh/lms_testcase_2.jmx
2026-05-25 12:52:21,714 INFO o.a.j.p.h.s.HTTPSamplerBase: Parser for text/html is org.apache.jmeter.protocol.http.parser.LagartoBasedHtmlParser
2026-05-25 12:52:21,714 INFO o.a.j.p.h.s.HTTPSamplerBase: Parser for application/xhtml+xml is org.apache.jmeter.protocol.http.parser.LagartoBasedHtmlParser
2026-05-25 12:52:21,714 INFO o.a.j.p.h.s.HTTPSamplerBase: Parser for application/xml is org.apache.jmeter.protocol.http.parser.LagartoBasedHtmlParser
2026-05-25 12:52:21,714 INFO o.a.j.p.h.s.HTTPSamplerBase: Parser for text/xml is org.apache.jmeter.protocol.http.parser.LagartoBasedHtmlParser
2026-05-25 12:52:21,714 INFO o.a.j.p.h.s.HTTPSamplerBase: Parser for text/vnd.wap.wml is org.apache.jmeter.protocol.http.parser.RegexpHTMLParser
2026-05-25 12:52:21,714 INFO o.a.j.p.h.s.HTTPSamplerBase: Parser for text/css is org.apache.jmeter.protocol.http.parser.CssParser
2026-05-25 12:52:21,784 INFO o.a.j.s.SampleResult: Note: Sample TimeStamps are START times
2026-05-25 12:52:21,784 INFO o.a.j.s.SampleResult: sampleresult.default.encoding is set to UTF-8
2026-05-25 12:52:21,784 INFO o.a.j.s.SampleResult: sampleresult.useNanoTime=true
2026-05-25 12:52:21,784 INFO o.a.j.s.SampleResult: sampleresult.nanoThreadSleep=5000
2026-05-25 12:52:21,828 INFO o.a.j.r.ClassFinder: Will scan jar /opt/homebrew/Cellar/jmeter/5.6.3/libexec/lib/ext/jmeter-plugins-manager-1.9.jar with filter ExtendsClassFilter [parents=[interface org.apache.jmeter.visualizers.ResultRenderer], inner=false, contains=null, notContains=null]. Consider exposing JMeter plugins via META-INF/services, and add JMeter-Skip-Class-Scanning=true manifest attribute so JMeter can skip classfile scanning
2026-05-25 12:52:21,838 INFO o.a.j.r.ClassFinder: Will scan jar /opt/homebrew/Cellar/jmeter/5.6.3/libexec/lib/ext/jmeter-plugins-manager-1.9.jar with filter ExtendsClassFilter [parents=[interface org.apache.jmeter.visualizers.RequestView], inner=false, contains=null, notContains=null]. Consider exposing JMeter plugins via META-INF/services, and add JMeter-Skip-Class-Scanning=true manifest attribute so JMeter can skip classfile scanning
2026-05-25 12:52:21,872 INFO o.a.j.s.FileServer: Set new base='/Users/shikhasingh'
2026-05-25 13:07:27,307 INFO o.a.j.e.StandardJMeterEngine: Running the test!
2026-05-25 13:07:27,308 INFO o.a.j.s.SampleEvent: List of sample_variables: []
2026-05-25 13:07:27,308 INFO o.a.j.s.SampleEvent: List of sample_variables: []
2026-05-25 13:07:27,309 INFO o.a.j.e.u.CompoundVariable: Note: Function class names must contain the string: '.functions.'
2026-05-25 13:07:27,309 INFO o.a.j.e.u.CompoundVariable: Note: Function class names must not contain the string: '.gui.'
2026-05-25 13:07:27,340 INFO o.a.j.r.ClassFinder: Will scan jar /opt/homebrew/Cellar/jmeter/5.6.3/libexec/lib/ext/jmeter-plugins-manager-1.9.jar with filter ExtendsClassFilter [parents=[interface org.apache.jmeter.functions.Function], inner=false, contains=null, notContains=null]. Consider exposing JMeter plugins via META-INF/services, and add JMeter-Skip-Class-Scanning=true manifest attribute so JMeter can skip classfile scanning
2026-05-25 13:07:27,345 INFO o.a.j.g.u.JMeterMenuBar: setRunning(true, *local*)
2026-05-25 13:07:27,387 INFO o.a.j.e.StandardJMeterEngine: Starting ThreadGroup: 1 : lms_test_2
2026-05-25 13:07:27,388 INFO o.a.j.e.StandardJMeterEngine: Starting 50 threads for group lms_test_2.
2026-05-25 13:07:27,388 INFO o.a.j.e.StandardJMeterEngine: Thread will continue on error
2026-05-25 13:07:27,388 INFO o.a.j.t.ThreadGroup: Starting thread group... number=1 threads=50 ramp-up=10 delayedStart=false
2026-05-25 13:07:27,390 INFO o.a.j.t.JMeterThread: Thread started: lms_test_2 1-1
2026-05-25 13:07:27,395 INFO o.a.j.p.h.s.HTTPHCAbstractImpl: Local host = Shikhas-MacBook-Air.local
2026-05-25 13:07:27,396 INFO o.a.j.t.ThreadGroup: Started thread group number 1
2026-05-25 13:07:27,396 INFO o.a.j.e.StandardJMeterEngine: All thread groups have been started
2026-05-25 13:07:27,399 INFO o.a.j.p.h.s.HTTPHC4Impl: HTTP request retry count = 0
2026-05-25 13:07:27,465 INFO o.a.j.t.JMeterThread: Thread is done: lms_test_2 1-1
2026-05-25 13:07:27,466 INFO o.a.j.t.JMeterThread: Thread finished: lms_test_2 1-1
2026-05-25 13:07:27,589 INFO o.a.j.t.JMeterThread: Thread started: lms_test_2 1-2
2026-05-25 13:07:27,615 INFO o.a.j.t.JMeterThread: Thread is done: lms_test_2 1-2
2026-05-25 13:07:27,615 INFO o.a.j.t.JMeterThread: Thread finished: lms_test_2 1-2
2026-05-25 13:07:27,794 INFO o.a.j.t.JMeterThread: Thread started: lms_test_2 1-3
2026-05-25 13:07:27,826 INFO o.a.j.t.JMeterThread: Thread is done: lms_test_2 1-3
2026-05-25 13:07:27,826 INFO o.a.j.t.JMeterThread: Thread finished: lms_test_2 1-3
2026-05-25 13:07:27,990 INFO o.a.j.t.JMeterThread: Thread started: lms_test_2 1-4
2026-05-25 13:07:28,004 INFO o.a.j.t.JMeterThread: Thread is done: lms_test_2 1-4
2026-05-25 13:07:28,004 INFO o.a.j.t.JMeterThread: Thread finished: lms_test_2 1-4
2026-05-25 13:07:28,193 INFO o.a.j.t.JMeterThread: Thread started: lms_test_2 1-5
2026-05-25 13:07:28,224 INFO o.a.j.t.JMeterThread: Thread is done: lms_test_2 1-5
2026-05-25 13:07:28,224 INFO o.a.j.t.JMeterThread: Thread finished: lms_test_2 1-5
2026-05-25 13:07:28,393 INFO o.a.j.t.JMeterThread: Thread started: lms_test_2 1-6
2026-05-25 13:07:28,405 INFO o.a.j.t.JMeterThread: Thread is done: lms_test_2 1-6
2026-05-25 13:07:28,405 INFO o.a.j.t.JMeterThread: Thread finished: lms_test_2 1-6
2026-05-25 13:07:28,591 INFO o.a.j.t.JMeterThread: Thread started: lms_test_2 1-7
2026-05-25 13:07:28,608 INFO o.a.j.t.JMeterThread: Thread is done: lms_test_2 1-7
2026-05-25 13:07:28,608 INFO o.a.j.t.JMeterThread: Thread finished: lms_test_2 1-7
2026-05-25 13:07:28,791 INFO o.a.j.t.JMeterThread: Thread started: lms_test_2 1-8
2026-05-25 13:07:28,807 INFO o.a.j.t.JMeterThread: Thread is done: lms_test_2 1-8
2026-05-25 13:07:28,807 INFO o.a.j.t.JMeterThread: Thread finished: lms_test_2 1-8
2026-05-25 13:07:28,990 INFO o.a.j.t.JMeterThread: Thread started: lms_test_2 1-9
2026-05-25 13:07:29,003 INFO o.a.j.t.JMeterThread: Thread is done: lms_test_2 1-9
2026-05-25 13:07:29,003 INFO o.a.j.t.JMeterThread: Thread finished: lms_test_2 1-9
2026-05-25 13:07:29,191 INFO o.a.j.t.JMeterThread: Thread started: lms_test_2 1-10
2026-05-25 13:07:29,222 INFO o.a.j.t.JMeterThread: Thread is done: lms_test_2 1-10
2026-05-25 13:07:29,222 INFO o.a.j.t.JMeterThread: Thread finished: lms_test_2 1-10
2026-05-25 13:07:29,394 INFO o.a.j.t.JMeterThread: Thread started: lms_test_2 1-11
2026-05-25 13:07:29,413 INFO o.a.j.t.JMeterThread: Thread is done: lms_test_2 1-11
2026-05-25 13:07:29,414 INFO o.a.j.t.JMeterThread: Thread finished: lms_test_2 1-11
2026-05-25 13:07:29,593 INFO o.a.j.t.JMeterThread: Thread started: lms_test_2 1-12
2026-05-25 13:07:29,613 INFO o.a.j.t.JMeterThread: Thread is done: lms_test_2 1-12
2026-05-25 13:07:29,614 INFO o.a.j.t.JMeterThread: Thread finished: lms_test_2 1-12
2026-05-25 13:07:29,791 INFO o.a.j.t.JMeterThread: Thread started: lms_test_2 1-13
2026-05-25 13:07:29,815 INFO o.a.j.t.JMeterThread: Thread is done: lms_test_2 1-13
2026-05-25 13:07:29,816 INFO o.a.j.t.JMeterThread: Thread finished: lms_test_2 1-13
2026-05-25 13:07:29,990 INFO o.a.j.t.JMeterThread: Thread started: lms_test_2 1-14
2026-05-25 13:07:30,009 INFO o.a.j.t.JMeterThread: Thread is done: lms_test_2 1-14
2026-05-25 13:07:30,009 INFO o.a.j.t.JMeterThread: Thread finished: lms_test_2 1-14
2026-05-25 13:07:30,191 INFO o.a.j.t.JMeterThread: Thread started: lms_test_2 1-15
2026-05-25 13:07:30,215 INFO o.a.j.t.JMeterThread: Thread is done: lms_test_2 1-15
2026-05-25 13:07:30,215 INFO o.a.j.t.JMeterThread: Thread finished: lms_test_2 1-15
2026-05-25 13:07:30,394 INFO o.a.j.t.JMeterThread: Thread started: lms_test_2 1-16
2026-05-25 13:07:30,418 INFO o.a.j.t.JMeterThread: Thread is done: lms_test_2 1-16
2026-05-25 13:07:30,418 INFO o.a.j.t.JMeterThread: Thread finished: lms_test_2 1-16
2026-05-25 13:07:30,591 INFO o.a.j.t.JMeterThread: Thread started: lms_test_2 1-17
2026-05-25 13:07:30,606 INFO o.a.j.t.JMeterThread: Thread is done: lms_test_2 1-17
2026-05-25 13:07:30,606 INFO o.a.j.t.JMeterThread: Thread finished: lms_test_2 1-17
2026-05-25 13:07:30,793 INFO o.a.j.t.JMeterThread: Thread started: lms_test_2 1-18
2026-05-25 13:07:30,813 INFO o.a.j.t.JMeterThread: Thread is done: lms_test_2 1-18
2026-05-25 13:07:30,813 INFO o.a.j.t.JMeterThread: Thread finished: lms_test_2 1-18
2026-05-25 13:07:30,993 INFO o.a.j.t.JMeterThread: Thread started: lms_test_2 1-19
2026-05-25 13:07:31,005 INFO o.a.j.t.JMeterThread: Thread is done: lms_test_2 1-19
2026-05-25 13:07:31,005 INFO o.a.j.t.JMeterThread: Thread finished: lms_test_2 1-19
2026-05-25 13:07:31,193 INFO o.a.j.t.JMeterThread: Thread started: lms_test_2 1-20
2026-05-25 13:07:31,215 INFO o.a.j.t.JMeterThread: Thread is done: lms_test_2 1-20
2026-05-25 13:07:31,215 INFO o.a.j.t.JMeterThread: Thread finished: lms_test_2 1-20
2026-05-25 13:07:31,393 INFO o.a.j.t.JMeterThread: Thread started: lms_test_2 1-21
2026-05-25 13:07:31,412 INFO o.a.j.t.JMeterThread: Thread is done: lms_test_2 1-21
2026-05-25 13:07:31,412 INFO o.a.j.t.JMeterThread: Thread finished: lms_test_2 1-21
2026-05-25 13:07:31,594 INFO o.a.j.t.JMeterThread: Thread started: lms_test_2 1-22
2026-05-25 13:07:31,611 INFO o.a.j.t.JMeterThread: Thread is done: lms_test_2 1-22
2026-05-25 13:07:31,612 INFO o.a.j.t.JMeterThread: Thread finished: lms_test_2 1-22
2026-05-25 13:07:31,792 INFO o.a.j.t.JMeterThread: Thread started: lms_test_2 1-23
2026-05-25 13:07:31,813 INFO o.a.j.t.JMeterThread: Thread is done: lms_test_2 1-23
2026-05-25 13:07:31,813 INFO o.a.j.t.JMeterThread: Thread finished: lms_test_2 1-23
2026-05-25 13:07:31,995 INFO o.a.j.t.JMeterThread: Thread started: lms_test_2 1-24
2026-05-25 13:07:32,012 INFO o.a.j.t.JMeterThread: Thread is done: lms_test_2 1-24
2026-05-25 13:07:32,012 INFO o.a.j.t.JMeterThread: Thread finished: lms_test_2 1-24
2026-05-25 13:07:32,190 INFO o.a.j.t.JMeterThread: Thread started: lms_test_2 1-25
2026-05-25 13:07:32,202 INFO o.a.j.t.JMeterThread: Thread is done: lms_test_2 1-25
2026-05-25 13:07:32,202 INFO o.a.j.t.JMeterThread: Thread finished: lms_test_2 1-25
2026-05-25 13:07:32,393 INFO o.a.j.t.JMeterThread: Thread started: lms_test_2 1-26
2026-05-25 13:07:32,409 INFO o.a.j.t.JMeterThread: Thread is done: lms_test_2 1-26
2026-05-25 13:07:32,410 INFO o.a.j.t.JMeterThread: Thread finished: lms_test_2 1-26
2026-05-25 13:07:32,589 INFO o.a.j.t.JMeterThread: Thread started: lms_test_2 1-27
2026-05-25 13:07:32,601 INFO o.a.j.t.JMeterThread: Thread is done: lms_test_2 1-27
2026-05-25 13:07:32,601 INFO o.a.j.t.JMeterThread: Thread finished: lms_test_2 1-27
2026-05-25 13:07:32,791 INFO o.a.j.t.JMeterThread: Thread started: lms_test_2 1-28
2026-05-25 13:07:32,804 INFO o.a.j.t.JMeterThread: Thread is done: lms_test_2 1-28
2026-05-25 13:07:32,804 INFO o.a.j.t.JMeterThread: Thread finished: lms_test_2 1-28
2026-05-25 13:07:32,993 INFO o.a.j.t.JMeterThread: Thread started: lms_test_2 1-29
2026-05-25 13:07:33,023 INFO o.a.j.t.JMeterThread: Thread is done: lms_test_2 1-29
2026-05-25 13:07:33,024 INFO o.a.j.t.JMeterThread: Thread finished: lms_test_2 1-29
2026-05-25 13:07:33,193 INFO o.a.j.t.JMeterThread: Thread started: lms_test_2 1-30
2026-05-25 13:07:33,211 INFO o.a.j.t.JMeterThread: Thread is done: lms_test_2 1-30
2026-05-25 13:07:33,211 INFO o.a.j.t.JMeterThread: Thread finished: lms_test_2 1-30
2026-05-25 13:07:33,394 INFO o.a.j.t.JMeterThread: Thread started: lms_test_2 1-31
2026-05-25 13:07:33,419 INFO o.a.j.t.JMeterThread: Thread is done: lms_test_2 1-31
2026-05-25 13:07:33,419 INFO o.a.j.t.JMeterThread: Thread finished: lms_test_2 1-31
2026-05-25 13:07:33,594 INFO o.a.j.t.JMeterThread: Thread started: lms_test_2 1-32
2026-05-25 13:07:33,609 INFO o.a.j.t.JMeterThread: Thread is done: lms_test_2 1-32
2026-05-25 13:07:33,610 INFO o.a.j.t.JMeterThread: Thread finished: lms_test_2 1-32
2026-05-25 13:07:33,793 INFO o.a.j.t.JMeterThread: Thread started: lms_test_2 1-33
2026-05-25 13:07:33,822 INFO o.a.j.t.JMeterThread: Thread is done: lms_test_2 1-33
2026-05-25 13:07:33,822 INFO o.a.j.t.JMeterThread: Thread finished: lms_test_2 1-33
2026-05-25 13:07:33,993 INFO o.a.j.t.JMeterThread: Thread started: lms_test_2 1-34
2026-05-25 13:07:34,029 INFO o.a.j.t.JMeterThread: Thread is done: lms_test_2 1-34
2026-05-25 13:07:34,030 INFO o.a.j.t.JMeterThread: Thread finished: lms_test_2 1-34
2026-05-25 13:07:34,193 INFO o.a.j.t.JMeterThread: Thread started: lms_test_2 1-35
2026-05-25 13:07:34,211 INFO o.a.j.t.JMeterThread: Thread is done: lms_test_2 1-35
2026-05-25 13:07:34,211 INFO o.a.j.t.JMeterThread: Thread finished: lms_test_2 1-35
2026-05-25 13:07:34,393 INFO o.a.j.t.JMeterThread: Thread started: lms_test_2 1-36
2026-05-25 13:07:34,414 INFO o.a.j.t.JMeterThread: Thread is done: lms_test_2 1-36
2026-05-25 13:07:34,414 INFO o.a.j.t.JMeterThread: Thread finished: lms_test_2 1-36
2026-05-25 13:07:34,593 INFO o.a.j.t.JMeterThread: Thread started: lms_test_2 1-37
2026-05-25 13:07:34,611 INFO o.a.j.t.JMeterThread: Thread is done: lms_test_2 1-37
2026-05-25 13:07:34,612 INFO o.a.j.t.JMeterThread: Thread finished: lms_test_2 1-37
2026-05-25 13:07:34,791 INFO o.a.j.t.JMeterThread: Thread started: lms_test_2 1-38
2026-05-25 13:07:34,809 INFO o.a.j.t.JMeterThread: Thread is done: lms_test_2 1-38
2026-05-25 13:07:34,809 INFO o.a.j.t.JMeterThread: Thread finished: lms_test_2 1-38
2026-05-25 13:07:34,993 INFO o.a.j.t.JMeterThread: Thread started: lms_test_2 1-39
2026-05-25 13:07:35,005 INFO o.a.j.t.JMeterThread: Thread is done: lms_test_2 1-39
2026-05-25 13:07:35,005 INFO o.a.j.t.JMeterThread: Thread finished: lms_test_2 1-39
2026-05-25 13:07:35,191 INFO o.a.j.t.JMeterThread: Thread started: lms_test_2 1-40
2026-05-25 13:07:35,207 INFO o.a.j.t.JMeterThread: Thread is done: lms_test_2 1-40
2026-05-25 13:07:35,207 INFO o.a.j.t.JMeterThread: Thread finished: lms_test_2 1-40
2026-05-25 13:07:35,393 INFO o.a.j.t.JMeterThread: Thread started: lms_test_2 1-41
2026-05-25 13:07:35,412 INFO o.a.j.t.JMeterThread: Thread is done: lms_test_2 1-41
2026-05-25 13:07:35,412 INFO o.a.j.t.JMeterThread: Thread finished: lms_test_2 1-41
2026-05-25 13:07:35,591 INFO o.a.j.t.JMeterThread: Thread started: lms_test_2 1-42
2026-05-25 13:07:35,614 INFO o.a.j.t.JMeterThread: Thread is done: lms_test_2 1-42
2026-05-25 13:07:35,614 INFO o.a.j.t.JMeterThread: Thread finished: lms_test_2 1-42
2026-05-25 13:07:35,792 INFO o.a.j.t.JMeterThread: Thread started: lms_test_2 1-43
2026-05-25 13:07:35,818 INFO o.a.j.t.JMeterThread: Thread is done: lms_test_2 1-43
2026-05-25 13:07:35,818 INFO o.a.j.t.JMeterThread: Thread finished: lms_test_2 1-43
2026-05-25 13:07:35,993 INFO o.a.j.t.JMeterThread: Thread started: lms_test_2 1-44
2026-05-25 13:07:36,005 INFO o.a.j.t.JMeterThread: Thread is done: lms_test_2 1-44
2026-05-25 13:07:36,005 INFO o.a.j.t.JMeterThread: Thread finished: lms_test_2 1-44
2026-05-25 13:07:36,191 INFO o.a.j.t.JMeterThread: Thread started: lms_test_2 1-45
2026-05-25 13:07:36,210 INFO o.a.j.t.JMeterThread: Thread is done: lms_test_2 1-45
2026-05-25 13:07:36,210 INFO o.a.j.t.JMeterThread: Thread finished: lms_test_2 1-45
2026-05-25 13:07:36,394 INFO o.a.j.t.JMeterThread: Thread started: lms_test_2 1-46
2026-05-25 13:07:36,415 INFO o.a.j.t.JMeterThread: Thread is done: lms_test_2 1-46
2026-05-25 13:07:36,416 INFO o.a.j.t.JMeterThread: Thread finished: lms_test_2 1-46
2026-05-25 13:07:36,589 INFO o.a.j.t.JMeterThread: Thread started: lms_test_2 1-47
2026-05-25 13:07:36,599 INFO o.a.j.t.JMeterThread: Thread is done: lms_test_2 1-47
2026-05-25 13:07:36,599 INFO o.a.j.t.JMeterThread: Thread finished: lms_test_2 1-47
2026-05-25 13:07:36,788 INFO o.a.j.t.JMeterThread: Thread started: lms_test_2 1-48
2026-05-25 13:07:36,821 INFO o.a.j.t.JMeterThread: Thread is done: lms_test_2 1-48
2026-05-25 13:07:36,821 INFO o.a.j.t.JMeterThread: Thread finished: lms_test_2 1-48
2026-05-25 13:07:36,989 INFO o.a.j.t.JMeterThread: Thread started: lms_test_2 1-49
2026-05-25 13:07:37,012 INFO o.a.j.t.JMeterThread: Thread is done: lms_test_2 1-49
2026-05-25 13:07:37,012 INFO o.a.j.t.JMeterThread: Thread finished: lms_test_2 1-49
2026-05-25 13:07:37,189 INFO o.a.j.t.JMeterThread: Thread started: lms_test_2 1-50
2026-05-25 13:07:37,206 INFO o.a.j.t.JMeterThread: Thread is done: lms_test_2 1-50
2026-05-25 13:07:37,206 INFO o.a.j.t.JMeterThread: Thread finished: lms_test_2 1-50
2026-05-25 13:07:37,206 INFO o.a.j.e.StandardJMeterEngine: Notifying test listeners of end of test
2026-05-25 13:07:37,206 INFO o.a.j.g.u.JMeterMenuBar: setRunning(false, *local*)
2026-05-25 13:07:53,174 INFO o.a.j.g.a.Load: Loading file: /Users/shikhasingh/jenkins/Lms_test.jmx
2026-05-25 13:07:53,175 INFO o.a.j.s.FileServer: Set new base='/Users/shikhasingh/jenkins'
2026-05-25 13:07:53,176 INFO o.a.j.s.SaveService: Loading file: /Users/shikhasingh/jenkins/Lms_test.jmx
2026-05-25 13:07:53,212 INFO o.a.j.r.ClassFinder: Will scan jar /opt/homebrew/Cellar/jmeter/5.6.3/libexec/lib/ext/jmeter-plugins-manager-1.9.jar with filter ExtendsClassFilter [parents=[interface org.apache.jmeter.visualizers.ResultRenderer], inner=false, contains=null, notContains=null]. Consider exposing JMeter plugins via META-INF/services, and add JMeter-Skip-Class-Scanning=true manifest attribute so JMeter can skip classfile scanning
2026-05-25 13:07:53,222 INFO o.a.j.r.ClassFinder: Will scan jar /opt/homebrew/Cellar/jmeter/5.6.3/libexec/lib/ext/jmeter-plugins-manager-1.9.jar with filter ExtendsClassFilter [parents=[interface org.apache.jmeter.visualizers.RequestView], inner=false, contains=null, notContains=null]. Consider exposing JMeter plugins via META-INF/services, and add JMeter-Skip-Class-Scanning=true manifest attribute so JMeter can skip classfile scanning
2026-05-25 13:07:53,245 INFO o.a.j.s.FileServer: Set new base='/Users/shikhasingh/jenkins'
2026-05-25 13:07:55,986 INFO o.a.j.e.StandardJMeterEngine: Running the test!
2026-05-25 13:07:55,987 INFO o.a.j.s.SampleEvent: List of sample_variables: []
2026-05-25 13:07:55,987 INFO o.a.j.g.u.JMeterMenuBar: setRunning(true, *local*)
2026-05-25 13:07:56,025 INFO o.a.j.e.StandardJMeterEngine: Starting ThreadGroup: 1 : Thread Group
2026-05-25 13:07:56,025 INFO o.a.j.e.StandardJMeterEngine: Starting 10 threads for group Thread Group.
2026-05-25 13:07:56,025 INFO o.a.j.e.StandardJMeterEngine: Thread will continue on error
2026-05-25 13:07:56,025 INFO o.a.j.t.ThreadGroup: Starting thread group... number=1 threads=10 ramp-up=5 delayedStart=false
2026-05-25 13:07:56,026 INFO o.a.j.t.JMeterThread: Thread started: Thread Group 1-1
2026-05-25 13:07:56,027 INFO o.a.j.t.ThreadGroup: Started thread group number 1
2026-05-25 13:07:56,027 INFO o.a.j.e.StandardJMeterEngine: All thread groups have been started
2026-05-25 13:07:56,146 INFO o.a.j.t.JMeterThread: Thread is done: Thread Group 1-1
2026-05-25 13:07:56,146 INFO o.a.j.t.JMeterThread: Thread finished: Thread Group 1-1
2026-05-25 13:07:56,531 INFO o.a.j.t.JMeterThread: Thread started: Thread Group 1-2
2026-05-25 13:07:56,640 INFO o.a.j.t.JMeterThread: Thread is done: Thread Group 1-2
2026-05-25 13:07:56,640 INFO o.a.j.t.JMeterThread: Thread finished: Thread Group 1-2
2026-05-25 13:07:57,030 INFO o.a.j.t.JMeterThread: Thread started: Thread Group 1-3
2026-05-25 13:07:57,138 INFO o.a.j.t.JMeterThread: Thread is done: Thread Group 1-3
2026-05-25 13:07:57,138 INFO o.a.j.t.JMeterThread: Thread finished: Thread Group 1-3
2026-05-25 13:07:57,526 INFO o.a.j.t.JMeterThread: Thread started: Thread Group 1-4
2026-05-25 13:07:57,633 INFO o.a.j.t.JMeterThread: Thread is done: Thread Group 1-4
2026-05-25 13:07:57,633 INFO o.a.j.t.JMeterThread: Thread finished: Thread Group 1-4
2026-05-25 13:07:58,027 INFO o.a.j.t.JMeterThread: Thread started: Thread Group 1-5
2026-05-25 13:07:58,134 INFO o.a.j.t.JMeterThread: Thread is done: Thread Group 1-5
2026-05-25 13:07:58,135 INFO o.a.j.t.JMeterThread: Thread finished: Thread Group 1-5
2026-05-25 13:07:58,530 INFO o.a.j.t.JMeterThread: Thread started: Thread Group 1-6
2026-05-25 13:07:58,639 INFO o.a.j.t.JMeterThread: Thread is done: Thread Group 1-6
2026-05-25 13:07:58,639 INFO o.a.j.t.JMeterThread: Thread finished: Thread Group 1-6
2026-05-25 13:07:59,031 INFO o.a.j.t.JMeterThread: Thread started: Thread Group 1-7
2026-05-25 13:07:59,139 INFO o.a.j.t.JMeterThread: Thread is done: Thread Group 1-7
2026-05-25 13:07:59,139 INFO o.a.j.t.JMeterThread: Thread finished: Thread Group 1-7
2026-05-25 13:07:59,530 INFO o.a.j.t.JMeterThread: Thread started: Thread Group 1-8
2026-05-25 13:07:59,642 INFO o.a.j.t.JMeterThread: Thread is done: Thread Group 1-8
2026-05-25 13:07:59,642 INFO o.a.j.t.JMeterThread: Thread finished: Thread Group 1-8
2026-05-25 13:08:00,031 INFO o.a.j.t.JMeterThread: Thread started: Thread Group 1-9
2026-05-25 13:08:00,140 INFO o.a.j.t.JMeterThread: Thread is done: Thread Group 1-9
2026-05-25 13:08:00,140 INFO o.a.j.t.JMeterThread: Thread finished: Thread Group 1-9
2026-05-25 13:08:00,526 INFO o.a.j.t.JMeterThread: Thread started: Thread Group 1-10
2026-05-25 13:08:00,633 INFO o.a.j.t.JMeterThread: Thread is done: Thread Group 1-10
2026-05-25 13:08:00,633 INFO o.a.j.t.JMeterThread: Thread finished: Thread Group 1-10
2026-05-25 13:08:00,634 INFO o.a.j.e.StandardJMeterEngine: Notifying test listeners of end of test
2026-05-25 13:08:00,634 INFO o.a.j.g.u.JMeterMenuBar: setRunning(false, *local*)
